---
source: crates/agglayer-interop-types/src/aggchain_proof/test.rs
expression: json_str
---
{
  "multisig": [
    {
      "r": "0x0",
      "s": "0x0",
      "odd_y_parity": false
    }
  ]
}
