---
source: crates/agglayer-interop-grpc-types/src/compat/v1/tests.rs
expression: "format!(\"{:?}\", anyhow::Error::from(error))"
---
data.value: invalid value
