---
source: crates/agglayer-interop-grpc-types/src/compat/v1/tests.rs
expression: error
---
data.signature: failed to parse signature
