---
source: crates/agglayer-interop-grpc-types/src/compat/v1/tests.rs
expression: "format!(\"{:?}\", eyre::Error::from(error))"
---
data.signature: failed to parse signature

Caused by:
    invalid parity: 5

Location:
    crates/agglayer-interop-grpc-types/src/compat/v1/tests.rs:25:25
