---
source: crates/agglayer-interop-grpc-types/src/compat/v1/tests.rs
expression: error
---
value: invalid value
