---
source: crates/agglayer-interop-grpc-types/src/compat/v1/tests.rs
expression: error
---
proof: required field is missing
