---
source: crates/agglayer-interop-grpc-types/src/compat/v1/tests.rs
expression: "format!(\"{:?}\", eyre::Error::from(error))"
---
failed to serialize proof

Caused by:
    failed

Location:
    crates/agglayer-interop-grpc-types/src/compat/v1/tests.rs:25:25
